TestDriveDev/tableTriveTest/word/word.go:8.34,10.22 2 13
TestDriveDev/tableTriveTest/word/word.go:15.2,15.25 1 13
TestDriveDev/tableTriveTest/word/word.go:20.2,20.13 1 10
TestDriveDev/tableTriveTest/word/word.go:10.22,11.26 1 162
TestDriveDev/tableTriveTest/word/word.go:11.26,13.4 1 132
TestDriveDev/tableTriveTest/word/word.go:15.25,16.46 1 115
TestDriveDev/tableTriveTest/word/word.go:16.46,18.4 1 3
